// Jest Snapshot v1, https://goo.gl/fbAQLP

exports[`End should match a snapshot with all data passed in 1`] = `
<div>
  <h2>
    How to Play
  </h2>
  <h3>
    For each question you will see an image of a prototype problem with the prototype name missing. Choose the correct prototype from the answers listed below.
  </h3>
  <h3>
    Answers missed with be added to your study guide for futher practice.
  </h3>
  <button
    className="start-practice large-button"
    onClick={[MockFunction]}
  >
    Start Practicing
  </button>
</div>
`;
